{"Name":"python-no-uri","Type":"PipPackage","Files":["mod0.py","setup.py"],"Dir":".","Data":{"ReqFiles":["./requirements.txt"],"Reqs":[]}}
