{"Name":"python-stdlib-refs","Type":"PipPackage","Files":["pkg/__init__.py","setup.py"],"Dir":".","Data":{"ReqFiles":["./requirements.txt"],"Reqs":[]}}
