{
  "Defs": [
    {
      "UnitType": "PipPackage",
      "Unit": "python-sample-2",
      "Path": "app",
      "Name": "app",
      "Kind": "module",
      "File": "app/__init__.py",
      "DefStart": 0,
      "DefEnd": 0,
      "Exported": true,
      "Data": {
        "Keyword": "",
        "Kind": "module",
        "Name": "app",
        "Separator": "",
        "Type": ""
      }
    },
    {
      "UnitType": "PipPackage",
      "Unit": "python-sample-2",
      "Path": "app/app",
      "Name": "app",
      "Kind": "module",
      "File": "app/app.py",
      "DefStart": 0,
      "DefEnd": 0,
      "Exported": true,
      "Data": {
        "Keyword": "",
        "Kind": "module",
        "Name": "app",
        "Separator": "",
        "Type": ""
      }
    },
    {
      "UnitType": "PipPackage",
      "Unit": "python-sample-2",
      "Path": "setup",
      "Name": "setup",
      "Kind": "module",
      "File": "setup.py",
      "DefStart": 0,
      "DefEnd": 0,
      "Exported": true,
      "Data": {
        "Keyword": "",
        "Kind": "module",
        "Name": "setup",
        "Separator": "",
        "Type": ""
      }
    }
  ],
  "Refs": [
    {
      "DefUnitType": "PipPackage",
      "DefUnit": "python-sample-2",
      "DefPath": "app/app",
      "UnitType": "PipPackage",
      "Unit": "python-sample-2",
      "Def": true,
      "File": "app/app.py",
      "Start": 0,
      "End": 0
    },
    {
      "DefUnitType": "PipPackage",
      "DefUnit": "python-sample-2",
      "DefPath": "app",
      "UnitType": "PipPackage",
      "Unit": "python-sample-2",
      "Def": true,
      "File": "app/__init__.py",
      "Start": 0,
      "End": 0
    },
    {
      "DefRepo": "?",
      "DefUnitType": "PipPackage",
      "DefUnit": "requests",
      "DefPath": "requests/__init__.py/requests.requests",
      "UnitType": "PipPackage",
      "Unit": "python-sample-2",
      "File": "app/app.py",
      "Start": 7,
      "End": 15
    },
    {
      "DefUnitType": "PipPackage",
      "DefUnit": "python-sample-2",
      "DefPath": "setup.py/setup.name",
      "UnitType": "PipPackage",
      "Unit": "python-sample-2",
      "File": "setup.py",
      "Start": 41,
      "End": 45
    },
    {
      "DefUnitType": "PipPackage",
      "DefUnit": "python-sample-2",
      "DefPath": "setup.py/setup.packages",
      "UnitType": "PipPackage",
      "Unit": "python-sample-2",
      "File": "setup.py",
      "Start": 143,
      "End": 151
    },
    {
      "DefUnitType": "PipPackage",
      "DefUnit": "python-sample-2",
      "DefPath": "setup.py/setup.url",
      "UnitType": "PipPackage",
      "Unit": "python-sample-2",
      "File": "setup.py",
      "Start": 90,
      "End": 93
    },
    {
      "DefUnitType": "PipPackage",
      "DefUnit": "python-sample-2",
      "DefPath": "setup.py/setup.version",
      "UnitType": "PipPackage",
      "Unit": "python-sample-2",
      "File": "setup.py",
      "Start": 69,
      "End": 76
    },
    {
      "DefUnitType": "PipPackage",
      "DefUnit": "python-sample-2",
      "DefPath": "setup",
      "UnitType": "PipPackage",
      "Unit": "python-sample-2",
      "Def": true,
      "File": "setup.py",
      "Start": 0,
      "End": 0
    },
    {
      "DefRepo": "github.com/python/cpython",
      "DefUnitType": "PipPackage",
      "DefUnit": "Python",
      "DefPath": "setuptools/__init__.py/setuptools.setup",
      "UnitType": "PipPackage",
      "Unit": "python-sample-2",
      "File": "setup.py",
      "Start": 23,
      "End": 28
    },
    {
      "DefRepo": "github.com/python/cpython",
      "DefUnitType": "PipPackage",
      "DefUnit": "Python",
      "DefPath": "setuptools/__init__.py/setuptools.setup",
      "UnitType": "PipPackage",
      "Unit": "python-sample-2",
      "File": "setup.py",
      "Start": 30,
      "End": 35
    },
    {
      "DefRepo": "github.com/python/cpython",
      "DefUnitType": "PipPackage",
      "DefUnit": "Python",
      "DefPath": "setuptools/__init__.py/setuptools.setuptools",
      "UnitType": "PipPackage",
      "Unit": "python-sample-2",
      "File": "setup.py",
      "Start": 5,
      "End": 15
    }
  ]
}